<component name="libraryTable">
  <library name="//project2/dep:dep">
    <CLASSES>
      <root url="jar://$PROJECT_DIR$/../buck-out/gen/project2/dep/lib__dep__output/dep.jar!/" />
    </CLASSES>
    <JAVADOC />
    <SOURCES>
      <root url="file://$PROJECT_DIR$/../project2/dep" />
    </SOURCES>
  </library>
</component>