[{"type":"STRING","name":"another_name","lineNumber":3,"columnNumber":30,"resourceFilePath":"buck-out/gen/generated_res/gen-res/res/values/strings.xml"},{"type":"STRING","name":"some_name","lineNumber":2,"columnNumber":27,"resourceFilePath":"buck-out/gen/generated_res/gen-res/res/values/strings.xml"}]