{"command":"library-dependencies","release":true,"rootPath":"@","platform":"ios","outputPath":"@/buck-out/gen/js/extras#ios,release.jslib","dependencyLibraryFilePaths":[],"aggregatedSourceFilesFilePath":"@/buck-out/gen/js/extras#_files_,ios,release.jslib","flavors":["ios","release"]}
{"command":"library-files","release":true,"rootPath":"@","platform":"ios","outputFilePath":"@/buck-out/gen/js/extras#_files_,ios,release.jslib","sourceFilePaths":["@/buck-out/gen/js/extras#_files_,file-choclate-chips.js-51c2bd5932,ios,release.jsfile","@/buck-out/gen/js/extras#_files_,file-yoghurt.js-c8b0447e06,ios,release.jsfile"],"flavors":["ios","release"]}
{"command":"optimize","outputFilePath":"@/buck-out/gen/js/extras#_files_,file-choclate-chips.js-51c2bd5932,ios,release.jsfile","platform":"ios","transformedJsFilePath":"@/buck-out/gen/js/extras#file-choclate-chips.js-51c2bd5932.jsfile","extraData":{"arbitrary":"extra","json":1},"extraArgs":"--arbitrary extra --flags","flavors":["ios","release"]}
{"command":"transform","outputFilePath":"@/buck-out/gen/js/extras#file-choclate-chips.js-51c2bd5932.jsfile","sourceJsFilePath":"@/js/extras/choclate-chips.js","sourceJsFileName":"js/extras/choclate-chips.js","extraData":{"arbitrary":"extra","json":1},"extraArgs":"--arbitrary extra --flags","flavors":[]}
var choclateChips;
{"command":"optimize","outputFilePath":"@/buck-out/gen/js/extras#_files_,file-yoghurt.js-c8b0447e06,ios,release.jsfile","platform":"ios","transformedJsFilePath":"@/buck-out/gen/js/extras#file-yoghurt.js-c8b0447e06.jsfile","extraData":{"arbitrary":"extra","json":1},"extraArgs":"--arbitrary extra --flags","flavors":["ios","release"]}
{"command":"transform","outputFilePath":"@/buck-out/gen/js/extras#file-yoghurt.js-c8b0447e06.jsfile","sourceJsFilePath":"@/js/extras/yoghurt.js","sourceJsFileName":"js/extras/yoghurt.js","extraData":{"arbitrary":"extra","json":1},"extraArgs":"--arbitrary extra --flags","flavors":[]}
var yoghurt;
