<?xml version="1.0" encoding="UTF-8"?>
<module type="JAVA_MODULE" version="4">
  <component name="NewModuleRootManager" inherit-compiler-output="false">
    <output url="file://$MODULE_DIR$/../../../bin/modules/dep1/__dep2#dummy_r_dot_java_rdotjava_bin__" />
    <exclude-output />
    <content url="file://$MODULE_DIR$">
    </content>
    <orderEntry type="jdk" jdkName="Android API 25 Platform" jdkType="AndroidSDK" />
    <orderEntry type="sourceFolder" forTests="false" />
  </component>
</module>